// Vitest Snapshot v1, https://vitest.dev/guide/snapshot.html

exports[`composeSystemPrompt — scenario × section golden matrix > keeps the section gating matrix stable across scenarios 1`] = `
{
  "api-mode-byok": {
    "sections": [
      "injection-resistance",
      "api-mode-override",
      "direction-library",
      "slim-core-charter",
      "project-metadata",
      "inspiration-step",
      "host-clarification-gate",
      "role-marker-guard",
    ],
    "totalChars": 28244,
  },
  "ask-mode-full-context": {
    "sections": [
      "injection-resistance",
      "ask-mode-override",
      "ask-dynamic-context-scope",
      "personal-memory",
      "memory-rule-proposal",
      "design-system-usage",
      "design-system-body",
      "design-system-pull-index",
      "active-skill",
      "project-metadata",
      "ask-mode-boundary",
      "host-question-form-protocol",
      "role-marker-guard",
    ],
    "totalChars": 10220,
  },
  "classic-design-full-stack": {
    "sections": [
      "injection-resistance",
      "ui-locale-override",
      "discovery-and-philosophy",
      "shared-device-frames",
      "identity-charter",
      "personal-memory",
      "memory-intent-gateway",
      "memory-verify-scorecard",
      "memory-rule-proposal",
      "custom-instructions-user",
      "custom-instructions-project",
      "design-system-usage",
      "design-system-body",
      "design-system-import-mode",
      "design-system-tokens",
      "design-system-components-manifest",
      "design-system-pull-index",
      "craft-references",
      "active-skill",
      "project-metadata",
      "media-dispatch-hint",
      "active-ds-visual-direction-override",
      "filesystem-handoff-override",
      "host-question-form-protocol",
      "role-marker-guard",
    ],
    "totalChars": 72216,
  },
  "classic-design-minimal": {
    "sections": [
      "injection-resistance",
      "discovery-and-philosophy",
      "direction-library",
      "identity-charter",
      "media-dispatch-hint",
      "filesystem-handoff-override",
      "inspiration-step",
      "host-question-form-protocol",
      "role-marker-guard",
    ],
    "totalChars": 62830,
  },
  "codex-imagegen": {
    "sections": [
      "injection-resistance",
      "project-metadata",
      "media-generation-contract",
      "codex-imagegen-override",
      "inspiration-step",
      "host-question-form-protocol",
      "role-marker-guard",
    ],
    "totalChars": 15652,
  },
  "critique-enabled": {
    "sections": [
      "injection-resistance",
      "slim-core-charter",
      "design-system-usage",
      "design-system-body",
      "design-system-import-mode",
      "design-system-tokens",
      "design-system-components-manifest",
      "design-system-pull-index",
      "active-skill",
      "media-dispatch-hint",
      "critique-panel",
      "host-clarification-gate",
      "role-marker-guard",
    ],
    "totalChars": 27901,
  },
  "deck-kind-no-skill": {
    "sections": [
      "injection-resistance",
      "slim-core-charter",
      "project-metadata",
      "deck-directive",
      "media-dispatch-hint",
      "inspiration-step",
      "host-clarification-gate",
      "role-marker-guard",
    ],
    "totalChars": 29394,
  },
  "deck-kind-with-skill-seed": {
    "sections": [
      "injection-resistance",
      "slim-core-charter",
      "active-skill",
      "project-metadata",
      "media-dispatch-hint",
      "host-clarification-gate",
      "role-marker-guard",
    ],
    "totalChars": 22029,
  },
  "design-ds-fixture-fallback": {
    "sections": [
      "injection-resistance",
      "slim-core-charter",
      "design-system-usage",
      "design-system-body",
      "design-system-import-mode",
      "design-system-tokens",
      "design-system-fixture",
      "design-system-pull-index",
      "media-dispatch-hint",
      "host-clarification-gate",
      "role-marker-guard",
    ],
    "totalChars": 22268,
  },
  "design-full-stack": {
    "sections": [
      "injection-resistance",
      "ui-locale-override",
      "shared-device-frames",
      "slim-core-charter",
      "slim-platform-contracts",
      "personal-memory",
      "memory-intent-gateway",
      "memory-verify-scorecard",
      "memory-rule-proposal",
      "custom-instructions-user",
      "custom-instructions-project",
      "design-system-usage",
      "design-system-body",
      "design-system-import-mode",
      "design-system-tokens",
      "design-system-components-manifest",
      "design-system-pull-index",
      "craft-references",
      "active-skill",
      "project-metadata",
      "media-dispatch-hint",
      "host-clarification-gate",
      "role-marker-guard",
    ],
    "totalChars": 30272,
  },
  "design-minimal": {
    "sections": [
      "injection-resistance",
      "slim-core-charter",
      "media-dispatch-hint",
      "inspiration-step",
      "host-clarification-gate",
      "role-marker-guard",
    ],
    "totalChars": 23500,
  },
  "design-no-ds-multitarget": {
    "sections": [
      "injection-resistance",
      "shared-device-frames",
      "slim-core-charter",
      "slim-platform-contracts",
      "project-metadata",
      "media-dispatch-hint",
      "inspiration-step",
      "host-clarification-gate",
      "role-marker-guard",
    ],
    "totalChars": 26689,
  },
  "example-prompt": {
    "sections": [
      "injection-resistance",
      "example-prompt-override",
      "slim-core-charter",
      "project-metadata",
      "media-dispatch-hint",
      "host-clarification-gate",
      "role-marker-guard",
    ],
    "totalChars": 22185,
  },
  "freeform-other": {
    "sections": [
      "injection-resistance",
      "slim-core-charter",
      "project-metadata",
      "deck-directive",
      "media-dispatch-hint",
      "inspiration-step",
      "host-clarification-gate",
      "role-marker-guard",
    ],
    "totalChars": 29363,
  },
  "freeform-other-no-deck-signal": {
    "sections": [
      "injection-resistance",
      "slim-core-charter",
      "project-metadata",
      "media-dispatch-hint",
      "inspiration-step",
      "host-clarification-gate",
      "role-marker-guard",
    ],
    "totalChars": 23827,
  },
  "media-image": {
    "sections": [
      "injection-resistance",
      "project-metadata",
      "media-generation-contract",
      "inspiration-step",
      "host-question-form-protocol",
      "role-marker-guard",
    ],
    "totalChars": 14147,
  },
  "memory-hooks-off": {
    "sections": [
      "injection-resistance",
      "slim-core-charter",
      "personal-memory",
      "memory-rule-proposal",
      "media-dispatch-hint",
      "inspiration-step",
      "host-clarification-gate",
      "role-marker-guard",
    ],
    "totalChars": 24540,
  },
  "plan-mode": {
    "sections": [
      "injection-resistance",
      "plan-mode-override",
      "slim-plan-foundation",
      "plan-dynamic-context-scope",
      "project-metadata",
      "inspiration-step",
      "plan-mode-boundary",
      "host-question-form-protocol",
      "role-marker-guard",
    ],
    "totalChars": 12360,
  },
  "plugin-stages": {
    "sections": [
      "injection-resistance",
      "slim-core-charter",
      "plugin-block",
      "active-stage-blocks",
      "media-dispatch-hint",
      "inspiration-step",
      "host-clarification-gate",
      "role-marker-guard",
    ],
    "totalChars": 23596,
  },
  "skip-discovery-brief": {
    "sections": [
      "injection-resistance",
      "skip-discovery-override",
      "slim-core-charter",
      "project-metadata",
      "media-dispatch-hint",
      "host-clarification-gate",
      "role-marker-guard",
    ],
    "totalChars": 21964,
  },
}
`;
